298
7220
7220
7236
7236
7236
10864
10864
10864
10866
11958
11958
11958
11958
11958
11958
11958
11958
11958
11958
11958
11982
11982
11982
11982
11982
11982
11982
11982
11982
11982
11982
11982
11982
11982
11982
11982
11982
11982
11978
11978
11978
11978
11971
11971
11971
11971
11971
11971
11971
11971
11971
11971
10241
11397
11409
11413
11413
11413
11413
11413
11413
11413
11413
11413
11413
11413
11413
11429
11429
11429
11429
11429
11429
11445
11445
11461
11461
11461
11461
11461
11477
11477
11493
11493
11493
11493
11493
11520
11493
11493
11493
11509
11509
11569
11569
11569
11569
11569
11569
11569
11569
11569
11569
11569
11569
11569
11569
11569
11569
11569
11569
11569
11569
11569
11569
11569
11569
11569
11569
11569
11569
11569
11569
11569
11569
11569
11569
11569
11569
11569
11569
11569
11569
11569
11569
11569
11569
11569
11569
11569
11569
11569
11569
11569
11569
11569
11569
11569
11569
11569
11569
11569
11569
11569
11569
11569
11569
11569
11569
11569
11569
11569
11569
11569
11569
11569
11569
11569
11569
11569
11569
11569
11569
11569
11569
11569
11569
11569
11569
11569
11569
11569
11569
11569
11569
11569
11569
11569
11569
11569
11569
11569
11569
11569
11569
11569
11569
11569
11569
11569
11569
11569
11569
11569
11569
11569
11569
11569
11569
11596
11572
11572
11572
11572
11572
11572
11569
11569
11569
11569
11569
11569
11569
11569
11569
11569
11569
11569
11569
11569
11569
11569
11569
11569
11569
11569
11569
11569
